Drill report for dc2025_badge-panel.kicad_pcb
Created on 2025-05-04T22:53:25+0200

Copper Layer Stackup:
    =============================================================
    L1 :  F.Cu                      front
    L2 :  B.Cu                      back


Drill file 'dc2025_badge-panel-PTH.drl' contains
    plated through holes:
    =============================================================
    T1  0.300mm  0.0118"  (760 holes)
    T2  0.600mm  0.0236"  (8 holes)  (with 8 slots)
    T3  1.100mm  0.0433"  (4 holes)
    T4  4.300mm  0.1693"  (8 holes)

    Total plated holes count 780


Drill file 'dc2025_badge-panel-NPTH.drl' contains
    unplated through holes:
    =============================================================
    T1  0.500mm  0.0197"  (194 holes)
    T2  0.650mm  0.0256"  (4 holes)
    T3  0.900mm  0.0354"  (4 holes)
    T4  0.991mm  0.0390"  (6 holes)
    T5  1.152mm  0.0454"  (3 holes)
    T6  5.000mm  0.1969"  (2 holes)

    Total unplated holes count 213
